// Jest Snapshot v1, https://goo.gl/fbAQLP

exports[`render <Router /> 1`] = `
<div>
  Child Component
</div>
`;
