// Jest Snapshot v1, https://goo.gl/fbAQLP

exports[`render <Top /> 1`] = `
<div
  className="sc-bZQynM jcKNxR"
>
  <div
    className="sc-bwzfXH bRhOHE"
  >
    <div
      className="sc-htpNat hFgGyf"
    >
      <h1
        className="sc-bxivhb bOYIrQ"
      >
        React + Redux Sample
      </h1>
      <span
        className="sc-ifAKCX cicvxl"
      >
        value: 
        0
      </span>
      <div
        className="sc-EHOje iafsfZ"
      >
        <button
          className="sc-bdVaJa LDwMf"
          onClick={[Function]}
        >
          add:3
        </button>
        Â 
        <button
          className="sc-bdVaJa LDwMf"
          onClick={[Function]}
        >
          increment
        </button>
      </div>
    </div>
  </div>
</div>
`;
