// Jest Snapshot v1, https://goo.gl/fbAQLP

exports[`render <App /> 1`] = `null`;
